26/Mar/2024:22:34:08 +0500 - 127.0.0.1 - PostmanRuntime/7.36.3 - POST /api/v1/test - 500 {"code":500,"error":"Method Not Allowed"}
26/Mar/2024:22:35:25 +0500 - 127.0.0.1 - PostmanRuntime/7.36.3 - POST /api/v1/test - 500 {"code":500,"error":"Method Not Allowed"}
30/Mar/2024:22:47:27 +0500 - 127.0.0.1 - Mozilla/5.0 (Macintosh; Intel Mac OS X 10_15_7) AppleWebKit/537.36 (KHTML, like Gecko) Chrome/123.0.0.0 Safari/537.36 - GET /auth/periods - 500 {"code":500,"error":"Cannot GET /auth/periods"}
30/Mar/2024:22:47:27 +0500 - 127.0.0.1 - Mozilla/5.0 (Macintosh; Intel Mac OS X 10_15_7) AppleWebKit/537.36 (KHTML, like Gecko) Chrome/123.0.0.0 Safari/537.36 - GET /favicon.ico - 500 {"code":500,"error":"Cannot GET /favicon.ico"}
30/Mar/2024:22:47:51 +0500 - 127.0.0.1 - Mozilla/5.0 (Macintosh; Intel Mac OS X 10_15_7) AppleWebKit/537.36 (KHTML, like Gecko) Chrome/123.0.0.0 Safari/537.36 - GET /favicon.ico - 500 {"code":500,"error":"Cannot GET /favicon.ico"}
30/Mar/2024:22:52:03 +0500 - 127.0.0.1 - Mozilla/5.0 (Macintosh; Intel Mac OS X 10_15_7) AppleWebKit/537.36 (KHTML, like Gecko) Chrome/123.0.0.0 Safari/537.36 - GET /favicon.ico - 500 {"code":500,"error":"Cannot GET /favicon.ico"}
30/Mar/2024:22:52:06 +0500 - 127.0.0.1 - Mozilla/5.0 (Macintosh; Intel Mac OS X 10_15_7) AppleWebKit/537.36 (KHTML, like Gecko) Chrome/123.0.0.0 Safari/537.36 - GET /favicon.ico - 500 {"code":500,"error":"Cannot GET /favicon.ico"}
30/Mar/2024:22:52:24 +0500 - 127.0.0.1 - Mozilla/5.0 (Macintosh; Intel Mac OS X 10_15_7) AppleWebKit/537.36 (KHTML, like Gecko) Chrome/123.0.0.0 Safari/537.36 - GET /favicon.ico - 500 {"code":500,"error":"Cannot GET /favicon.ico"}
30/Mar/2024:22:59:56 +0500 - 127.0.0.1 - Mozilla/5.0 (Macintosh; Intel Mac OS X 10_15_7) AppleWebKit/537.36 (KHTML, like Gecko) Chrome/123.0.0.0 Safari/537.36 - GET /favicon.ico - 500 {"code":500,"error":"Cannot GET /favicon.ico"}
30/Mar/2024:23:01:12 +0500 - 127.0.0.1 - Mozilla/5.0 (Macintosh; Intel Mac OS X 10_15_7) AppleWebKit/537.36 (KHTML, like Gecko) Chrome/123.0.0.0 Safari/537.36 - GET /favicon.ico - 500 {"code":500,"error":"Cannot GET /favicon.ico"}
30/Mar/2024:23:05:51 +0500 - 127.0.0.1 - Mozilla/5.0 (Macintosh; Intel Mac OS X 10_15_7) AppleWebKit/537.36 (KHTML, like Gecko) Chrome/123.0.0.0 Safari/537.36 - GET /favicon.ico - 500 {"code":500,"error":"Cannot GET /favicon.ico"}
30/Mar/2024:23:40:53 +0500 - 127.0.0.1 - Mozilla/5.0 (Macintosh; Intel Mac OS X 10_15_7) AppleWebKit/537.36 (KHTML, like Gecko) Chrome/123.0.0.0 Safari/537.36 - GET /favicon.ico - 500 {"code":500,"error":"Cannot GET /favicon.ico"}
30/Mar/2024:23:43:44 +0500 - 127.0.0.1 - Mozilla/5.0 (Macintosh; Intel Mac OS X 10_15_7) AppleWebKit/537.36 (KHTML, like Gecko) Chrome/123.0.0.0 Safari/537.36 - GET /favicon.ico - 500 {"code":500,"error":"Cannot GET /favicon.ico"}
30/Mar/2024:23:51:16 +0500 - 127.0.0.1 - Mozilla/5.0 (Macintosh; Intel Mac OS X 10_15_7) AppleWebKit/537.36 (KHTML, like Gecko) Chrome/123.0.0.0 Safari/537.36 - GET /favicon.ico - 500 {"code":500,"error":"Cannot GET /favicon.ico"}
30/Mar/2024:23:52:30 +0500 - 127.0.0.1 - Mozilla/5.0 (Macintosh; Intel Mac OS X 10_15_7) AppleWebKit/537.36 (KHTML, like Gecko) Chrome/123.0.0.0 Safari/537.36 - GET /favicon.ico - 500 {"code":500,"error":"Cannot GET /favicon.ico"}
30/Mar/2024:23:56:17 +0500 - 127.0.0.1 - Mozilla/5.0 (Macintosh; Intel Mac OS X 10_15_7) AppleWebKit/537.36 (KHTML, like Gecko) Chrome/123.0.0.0 Safari/537.36 - GET /favicon.ico - 500 {"code":500,"error":"Cannot GET /favicon.ico"}
30/Mar/2024:23:56:37 +0500 - 127.0.0.1 - Mozilla/5.0 (Macintosh; Intel Mac OS X 10_15_7) AppleWebKit/537.36 (KHTML, like Gecko) Chrome/123.0.0.0 Safari/537.36 - GET /favicon.ico - 500 {"code":500,"error":"Cannot GET /favicon.ico"}
30/Mar/2024:23:57:31 +0500 - 127.0.0.1 - Mozilla/5.0 (Macintosh; Intel Mac OS X 10_15_7) AppleWebKit/537.36 (KHTML, like Gecko) Chrome/123.0.0.0 Safari/537.36 - GET /favicon.ico - 500 {"code":500,"error":"Cannot GET /favicon.ico"}
30/Mar/2024:23:57:32 +0500 - 127.0.0.1 - Mozilla/5.0 (Macintosh; Intel Mac OS X 10_15_7) AppleWebKit/537.36 (KHTML, like Gecko) Chrome/123.0.0.0 Safari/537.36 - GET /favicon.ico - 500 {"code":500,"error":"Cannot GET /favicon.ico"}
31/Mar/2024:00:02:15 +0500 - 127.0.0.1 - Mozilla/5.0 (Macintosh; Intel Mac OS X 10_15_7) AppleWebKit/537.36 (KHTML, like Gecko) Chrome/123.0.0.0 Safari/537.36 - GET /favicon.ico - 500 {"code":500,"error":"Cannot GET /favicon.ico"}
31/Mar/2024:00:02:53 +0500 - 127.0.0.1 - Mozilla/5.0 (Macintosh; Intel Mac OS X 10_15_7) AppleWebKit/537.36 (KHTML, like Gecko) Chrome/123.0.0.0 Safari/537.36 - GET /favicon.ico - 500 {"code":500,"error":"Cannot GET /favicon.ico"}
31/Mar/2024:00:03:26 +0500 - 127.0.0.1 - Mozilla/5.0 (Macintosh; Intel Mac OS X 10_15_7) AppleWebKit/537.36 (KHTML, like Gecko) Chrome/123.0.0.0 Safari/537.36 - GET /favicon.ico - 500 {"code":500,"error":"Cannot GET /favicon.ico"}
31/Mar/2024:00:03:57 +0500 - 127.0.0.1 - Mozilla/5.0 (Macintosh; Intel Mac OS X 10_15_7) AppleWebKit/537.36 (KHTML, like Gecko) Chrome/123.0.0.0 Safari/537.36 - GET /favicon.ico - 500 {"code":500,"error":"Cannot GET /favicon.ico"}
31/Mar/2024:00:06:34 +0500 - 127.0.0.1 - Mozilla/5.0 (Macintosh; Intel Mac OS X 10_15_7) AppleWebKit/537.36 (KHTML, like Gecko) Chrome/123.0.0.0 Safari/537.36 - GET /favicon.ico - 500 {"code":500,"error":"Cannot GET /favicon.ico"}
31/Mar/2024:00:08:14 +0500 - 127.0.0.1 - Mozilla/5.0 (Macintosh; Intel Mac OS X 10_15_7) AppleWebKit/537.36 (KHTML, like Gecko) Chrome/123.0.0.0 Safari/537.36 - GET /favicon.ico - 500 {"code":500,"error":"Cannot GET /favicon.ico"}
31/Mar/2024:00:08:47 +0500 - 127.0.0.1 - Mozilla/5.0 (Macintosh; Intel Mac OS X 10_15_7) AppleWebKit/537.36 (KHTML, like Gecko) Chrome/123.0.0.0 Safari/537.36 - GET /favicon.ico - 500 {"code":500,"error":"Cannot GET /favicon.ico"}
31/Mar/2024:00:09:46 +0500 - 127.0.0.1 - Mozilla/5.0 (Macintosh; Intel Mac OS X 10_15_7) AppleWebKit/537.36 (KHTML, like Gecko) Chrome/123.0.0.0 Safari/537.36 - GET /favicon.ico - 500 {"code":500,"error":"Cannot GET /favicon.ico"}
31/Mar/2024:00:12:47 +0500 - 127.0.0.1 - Mozilla/5.0 (Macintosh; Intel Mac OS X 10_15_7) AppleWebKit/537.36 (KHTML, like Gecko) Chrome/123.0.0.0 Safari/537.36 - GET /favicon.ico - 500 {"code":500,"error":"Cannot GET /favicon.ico"}
31/Mar/2024:10:20:43 +0500 - 127.0.0.1 - Mozilla/5.0 (Macintosh; Intel Mac OS X 10_15_7) AppleWebKit/537.36 (KHTML, like Gecko) Chrome/123.0.0.0 Safari/537.36 - GET /favicon.ico - 500 {"code":500,"error":"Cannot GET /favicon.ico"}
31/Mar/2024:10:20:55 +0500 - 127.0.0.1 - Mozilla/5.0 (Macintosh; Intel Mac OS X 10_15_7) AppleWebKit/537.36 (KHTML, like Gecko) Chrome/123.0.0.0 Safari/537.36 - GET /favicon.ico - 500 {"code":500,"error":"Cannot GET /favicon.ico"}
31/Mar/2024:10:50:11 +0500 - 127.0.0.1 - Mozilla/5.0 (Macintosh; Intel Mac OS X 10_15_7) AppleWebKit/537.36 (KHTML, like Gecko) Chrome/123.0.0.0 Safari/537.36 - GET /favicon.ico - 500 {"code":500,"error":"Cannot GET /favicon.ico"}
31/Mar/2024:10:51:40 +0500 - 127.0.0.1 - Mozilla/5.0 (Macintosh; Intel Mac OS X 10_15_7) AppleWebKit/537.36 (KHTML, like Gecko) Chrome/123.0.0.0 Safari/537.36 - GET /favicon.ico - 500 {"code":500,"error":"Cannot GET /favicon.ico"}
31/Mar/2024:12:29:52 +0500 - 127.0.0.1 - Mozilla/5.0 (Macintosh; Intel Mac OS X 10_15_7) AppleWebKit/537.36 (KHTML, like Gecko) Chrome/123.0.0.0 Safari/537.36 - GET /favicon.ico - 500 {"code":500,"error":"Cannot GET /favicon.ico"}
31/Mar/2024:12:36:56 +0500 - 127.0.0.1 - Mozilla/5.0 (Macintosh; Intel Mac OS X 10_15_7) AppleWebKit/537.36 (KHTML, like Gecko) Chrome/123.0.0.0 Safari/537.36 - GET /favicon.ico - 500 {"code":500,"error":"Cannot GET /favicon.ico"}
2024/03/31 12:39:25 Cannot save PDF: not a PNG buffer|n
2024/03/31 12:41:41 Failed creating PDF report: open stats.png: no such file or directory
2024/03/31 12:43:47 Failed creating PDF report: open stats.png: no such file or directory
2024/03/31 12:44:31 Failed creating PDF report: open stats.png: no such file or directory
2024/03/31 12:44:53 Failed creating PDF report: open stats.png: no such file or directory
2024/03/31 12:45:04 Failed creating PDF report: open stats.png: no such file or directory
2024/03/31 12:45:21 Failed creating PDF report: open stats.png: no such file or directory
2024/03/31 12:45:56 Failed creating PDF report: open stats.png: no such file or directory
2024/03/31 12:46:31 Failed creating PDF report: open stats.png: no such file or directory
2024/03/31 12:46:45 Failed creating PDF report: open stats.png: no such file or directory
2024/03/31 12:46:59 Failed creating PDF report: open stats.png: no such file or directory
31/Mar/2024:12:47:22 +0500 - 127.0.0.1 - Mozilla/5.0 (Macintosh; Intel Mac OS X 10_15_7) AppleWebKit/537.36 (KHTML, like Gecko) Chrome/123.0.0.0 Safari/537.36 - GET /favicon.ico - 500 {"code":500,"error":"Cannot GET /favicon.ico"}
2024/03/31 12:51:50 Cannot save PDF: not a PNG buffer|n
31/Mar/2024:12:52:24 +0500 - 127.0.0.1 - Mozilla/5.0 (Macintosh; Intel Mac OS X 10_15_7) AppleWebKit/537.36 (KHTML, like Gecko) Chrome/123.0.0.0 Safari/537.36 - GET /favicon.ico - 500 {"code":500,"error":"Cannot GET /favicon.ico"}
31/Mar/2024:16:05:50 +0500 - 127.0.0.1 - Mozilla/5.0 (Macintosh; Intel Mac OS X 10_15_7) AppleWebKit/537.36 (KHTML, like Gecko) Chrome/123.0.0.0 Safari/537.36 - GET /favicon.ico - 500 {"code":500,"error":"Cannot GET /favicon.ico"}
31/Mar/2024:16:05:52 +0500 - 127.0.0.1 - Mozilla/5.0 (Macintosh; Intel Mac OS X 10_15_7) AppleWebKit/537.36 (KHTML, like Gecko) Chrome/123.0.0.0 Safari/537.36 - GET /favicon.ico - 500 {"code":500,"error":"Cannot GET /favicon.ico"}
31/Mar/2024:16:06:08 +0500 - 127.0.0.1 - Mozilla/5.0 (Macintosh; Intel Mac OS X 10_15_7) AppleWebKit/537.36 (KHTML, like Gecko) Chrome/123.0.0.0 Safari/537.36 - GET /favicon.ico - 500 {"code":500,"error":"Cannot GET /favicon.ico"}
31/Mar/2024:16:06:35 +0500 - 127.0.0.1 - Mozilla/5.0 (Macintosh; Intel Mac OS X 10_15_7) AppleWebKit/537.36 (KHTML, like Gecko) Chrome/123.0.0.0 Safari/537.36 - GET /favicon.ico - 500 {"code":500,"error":"Cannot GET /favicon.ico"}
